Archive member included to satisfy reference by file (symbol)

/usr/lib/gcc/avr/15.1.0/avr35/libgcc.a(_mulhi3.o)
                              obj/HIDParser.o (__mulhi3)
/usr/lib/gcc/avr/15.1.0/avr35/libgcc.a(_udivmodhi4.o)
                              obj/Keyboard.o (__udivmodhi4)
/usr/lib/gcc/avr/15.1.0/avr35/libgcc.a(_copy_data.o)
                              obj/Keyboard.o (__do_copy_data)
/usr/lib/gcc/avr/15.1.0/avr35/libgcc.a(_clear_bss.o)
                              obj/Keyboard.o (__do_clear_bss)
/usr/lib/gcc/avr/15.1.0/../../../../avr/lib/avr35/libc.a(_memcpy_P.o)
                              obj/RNDISClassDevice.o (__memcpy_P)
/usr/lib/gcc/avr/15.1.0/../../../../avr/lib/avr35/libc.a(strlen_P.o)
                              obj/CDCClassDevice.o (strlen_P)
/usr/lib/gcc/avr/15.1.0/../../../../avr/lib/avr35/libc.a(memcmp.o)
                              obj/HIDClassDevice.o (memcmp)
/usr/lib/gcc/avr/15.1.0/../../../../avr/lib/avr35/libc.a(memcpy.o)
                              obj/HIDClassDevice.o (memcpy)
/usr/lib/gcc/avr/15.1.0/../../../../avr/lib/avr35/libc.a(memset.o)
                              obj/HIDClassDevice.o (memset)
/usr/lib/gcc/avr/15.1.0/../../../../avr/lib/avr35/libc.a(strlen.o)
                              obj/CDCClassDevice.o (strlen)
/usr/lib/gcc/avr/15.1.0/../../../../avr/lib/avr35/libatmega16u2.a(eerd_byte.o)
                              obj/EndpointStream_AVR8.o (eeprom_read_byte)
/usr/lib/gcc/avr/15.1.0/../../../../avr/lib/avr35/libatmega16u2.a(eeupd_byte.o)
                              obj/EndpointStream_AVR8.o (eeprom_update_byte)
/usr/lib/gcc/avr/15.1.0/../../../../avr/lib/avr35/libatmega16u2.a(init_sp.o)
                              /usr/lib/gcc/avr/15.1.0/../../../../avr/lib/avr35/crtatmega16u2.o (__init_sp)
/usr/lib/gcc/avr/15.1.0/../../../../avr/lib/avr35/libatmega16u2.a(call_main.o)
                              /usr/lib/gcc/avr/15.1.0/../../../../avr/lib/avr35/crtatmega16u2.o (__call_main)
/usr/lib/gcc/avr/15.1.0/avr35/libgcc.a(_exit.o)
                              /usr/lib/gcc/avr/15.1.0/../../../../avr/lib/avr35/libatmega16u2.a(call_main.o) (exit)

Discarded input sections

 .data          0x00000000        0x0 /usr/lib/gcc/avr/15.1.0/../../../../avr/lib/avr35/crtatmega16u2.o
 .bss           0x00000000        0x0 /usr/lib/gcc/avr/15.1.0/../../../../avr/lib/avr35/crtatmega16u2.o
 .text          0x00000000        0x0 obj/Keyboard.o
 .text          0x00000000        0x0 obj/Descriptors.o
 .data          0x00000000        0x0 obj/Descriptors.o
 .bss           0x00000000        0x0 obj/Descriptors.o
 .text          0x00000000        0x0 obj/HIDParser.o
 .data          0x00000000        0x0 obj/HIDParser.o
 .bss           0x00000000        0x0 obj/HIDParser.o
 .text.USB_ProcessHIDReport
                0x00000000      0x648 obj/HIDParser.o
 .text.USB_GetHIDReportItemInfo
                0x00000000       0xb6 obj/HIDParser.o
 .text.USB_SetHIDReportItemInfo
                0x00000000       0xa8 obj/HIDParser.o
 .text.USB_GetHIDReportSize
                0x00000000       0x60 obj/HIDParser.o
 .debug_info    0x00000000      0x855 obj/HIDParser.o
 .debug_abbrev  0x00000000      0x279 obj/HIDParser.o
 .debug_loc     0x00000000      0xd52 obj/HIDParser.o
 .debug_aranges
                0x00000000       0x38 obj/HIDParser.o
 .debug_ranges  0x00000000       0xf8 obj/HIDParser.o
 .debug_line    0x00000000      0xe64 obj/HIDParser.o
 .debug_str     0x00000000      0x71b obj/HIDParser.o
 .comment       0x00000000       0x13 obj/HIDParser.o
 .debug_frame   0x00000000      0x100 obj/HIDParser.o
 .text          0x00000000        0x0 obj/Device_AVR8.o
 .data          0x00000000        0x0 obj/Device_AVR8.o
 .bss           0x00000000        0x0 obj/Device_AVR8.o
 .text.USB_Device_SendRemoteWakeup
                0x00000000       0x2c obj/Device_AVR8.o
 .debug_info    0x00000000      0x103 obj/Device_AVR8.o
 .debug_abbrev  0x00000000       0x91 obj/Device_AVR8.o
 .debug_aranges
                0x00000000       0x20 obj/Device_AVR8.o
 .debug_ranges  0x00000000       0x10 obj/Device_AVR8.o
 .debug_line    0x00000000      0x1a1 obj/Device_AVR8.o
 .debug_str     0x00000000      0x249 obj/Device_AVR8.o
 .comment       0x00000000       0x13 obj/Device_AVR8.o
 .debug_frame   0x00000000       0x24 obj/Device_AVR8.o
 .text          0x00000000        0x0 obj/EndpointStream_AVR8.o
 .data          0x00000000        0x0 obj/EndpointStream_AVR8.o
 .bss           0x00000000        0x0 obj/EndpointStream_AVR8.o
 .text.Endpoint_Discard_Stream
                0x00000000       0x8c obj/EndpointStream_AVR8.o
 .text.Endpoint_Null_Stream
                0x00000000       0x8c obj/EndpointStream_AVR8.o
 .text.Endpoint_Write_Stream_BE
                0x00000000       0xac obj/EndpointStream_AVR8.o
 .text.Endpoint_Read_Stream_LE
                0x00000000       0xa0 obj/EndpointStream_AVR8.o
 .text.Endpoint_Read_Stream_BE
                0x00000000       0xac obj/EndpointStream_AVR8.o
 .text.Endpoint_Write_PStream_LE
                0x00000000       0xa4 obj/EndpointStream_AVR8.o
 .text.Endpoint_Write_PStream_BE
                0x00000000       0xac obj/EndpointStream_AVR8.o
 .text.Endpoint_Write_EStream_LE
                0x00000000       0xa6 obj/EndpointStream_AVR8.o
 .text.Endpoint_Write_EStream_BE
                0x00000000       0xae obj/EndpointStream_AVR8.o
 .text.Endpoint_Read_EStream_LE
                0x00000000       0xa6 obj/EndpointStream_AVR8.o
 .text.Endpoint_Read_EStream_BE
                0x00000000       0xae obj/EndpointStream_AVR8.o
 .text.Endpoint_Write_Control_Stream_BE
                0x00000000       0xc0 obj/EndpointStream_AVR8.o
 .text.Endpoint_Read_Control_Stream_BE
                0x00000000       0x84 obj/EndpointStream_AVR8.o
 .text.Endpoint_Write_Control_PStream_BE
                0x00000000       0xc0 obj/EndpointStream_AVR8.o
 .text.Endpoint_Write_Control_EStream_LE
                0x00000000       0xd4 obj/EndpointStream_AVR8.o
 .text.Endpoint_Write_Control_EStream_BE
                0x00000000       0xde obj/EndpointStream_AVR8.o
 .text.Endpoint_Read_Control_EStream_LE
                0x00000000       0x8c obj/EndpointStream_AVR8.o
 .text.Endpoint_Read_Control_EStream_BE
                0x00000000       0x96 obj/EndpointStream_AVR8.o
 .text          0x00000000        0x0 obj/Endpoint_AVR8.o
 .data          0x00000000        0x0 obj/Endpoint_AVR8.o
 .bss           0x00000000        0x0 obj/Endpoint_AVR8.o
 .text.Endpoint_ClearEndpoints
                0x00000000       0x28 obj/Endpoint_AVR8.o
 .text          0x00000000        0x0 obj/Host_AVR8.o
 .data          0x00000000        0x0 obj/Host_AVR8.o
 .bss           0x00000000        0x0 obj/Host_AVR8.o
 .debug_info    0x00000000       0x64 obj/Host_AVR8.o
 .debug_abbrev  0x00000000       0x26 obj/Host_AVR8.o
 .debug_aranges
                0x00000000       0x18 obj/Host_AVR8.o
 .debug_line    0x00000000       0x50 obj/Host_AVR8.o
 .debug_str     0x00000000      0x1f1 obj/Host_AVR8.o
 .comment       0x00000000       0x13 obj/Host_AVR8.o
 .text          0x00000000        0x0 obj/PipeStream_AVR8.o
 .data          0x00000000        0x0 obj/PipeStream_AVR8.o
 .bss           0x00000000        0x0 obj/PipeStream_AVR8.o
 .debug_info    0x00000000       0x64 obj/PipeStream_AVR8.o
 .debug_abbrev  0x00000000       0x26 obj/PipeStream_AVR8.o
 .debug_aranges
                0x00000000       0x18 obj/PipeStream_AVR8.o
 .debug_line    0x00000000       0x56 obj/PipeStream_AVR8.o
 .debug_str     0x00000000      0x1f7 obj/PipeStream_AVR8.o
 .comment       0x00000000       0x13 obj/PipeStream_AVR8.o
 .text          0x00000000        0x0 obj/Pipe_AVR8.o
 .data          0x00000000        0x0 obj/Pipe_AVR8.o
 .bss           0x00000000        0x0 obj/Pipe_AVR8.o
 .debug_info    0x00000000       0x64 obj/Pipe_AVR8.o
 .debug_abbrev  0x00000000       0x26 obj/Pipe_AVR8.o
 .debug_aranges
                0x00000000       0x18 obj/Pipe_AVR8.o
 .debug_line    0x00000000       0x50 obj/Pipe_AVR8.o
 .debug_str     0x00000000      0x1f1 obj/Pipe_AVR8.o
 .comment       0x00000000       0x13 obj/Pipe_AVR8.o
 .text          0x00000000        0x0 obj/USBController_AVR8.o
 .data          0x00000000        0x0 obj/USBController_AVR8.o
 .bss           0x00000000        0x0 obj/USBController_AVR8.o
 .text.USB_Disable
                0x00000000       0x2a obj/USBController_AVR8.o
 .text          0x00000000        0x0 obj/USBInterrupt_AVR8.o
 .data          0x00000000        0x0 obj/USBInterrupt_AVR8.o
 .bss           0x00000000        0x0 obj/USBInterrupt_AVR8.o
 .text          0x00000000        0x0 obj/ConfigDescriptors.o
 .data          0x00000000        0x0 obj/ConfigDescriptors.o
 .bss           0x00000000        0x0 obj/ConfigDescriptors.o
 .text.USB_GetNextDescriptorOfType
                0x00000000       0x4e obj/ConfigDescriptors.o
 .text.USB_GetNextDescriptorOfTypeBefore
                0x00000000       0x6e obj/ConfigDescriptors.o
 .text.USB_GetNextDescriptorOfTypeAfter
                0x00000000       0x54 obj/ConfigDescriptors.o
 .text.USB_GetNextDescriptorComp
                0x00000000       0xa6 obj/ConfigDescriptors.o
 .debug_info    0x00000000      0x461 obj/ConfigDescriptors.o
 .debug_abbrev  0x00000000      0x1c0 obj/ConfigDescriptors.o
 .debug_loc     0x00000000      0x583 obj/ConfigDescriptors.o
 .debug_aranges
                0x00000000       0x38 obj/ConfigDescriptors.o
 .debug_ranges  0x00000000       0x28 obj/ConfigDescriptors.o
 .debug_line    0x00000000      0x413 obj/ConfigDescriptors.o
 .debug_str     0x00000000      0x437 obj/ConfigDescriptors.o
 .comment       0x00000000       0x13 obj/ConfigDescriptors.o
 .debug_frame   0x00000000       0xbc obj/ConfigDescriptors.o
 .text          0x00000000        0x0 obj/DeviceStandardReq.o
 .data          0x00000000        0x0 obj/DeviceStandardReq.o
 .text          0x00000000        0x0 obj/Events.o
 .data          0x00000000        0x0 obj/Events.o
 .bss           0x00000000        0x0 obj/Events.o
 .text.USB_Event_Stub_2
                0x00000000        0x2 obj/Events.o
 .text.USB_Event_Stub_3
                0x00000000        0x2 obj/Events.o
 .text          0x00000000        0x0 obj/HostStandardReq.o
 .data          0x00000000        0x0 obj/HostStandardReq.o
 .bss           0x00000000        0x0 obj/HostStandardReq.o
 .debug_info    0x00000000       0x64 obj/HostStandardReq.o
 .debug_abbrev  0x00000000       0x26 obj/HostStandardReq.o
 .debug_aranges
                0x00000000       0x18 obj/HostStandardReq.o
 .debug_line    0x00000000       0x51 obj/HostStandardReq.o
 .debug_str     0x00000000      0x1f2 obj/HostStandardReq.o
 .comment       0x00000000       0x13 obj/HostStandardReq.o
 .text          0x00000000        0x0 obj/USBTask.o
 .data          0x00000000        0x0 obj/USBTask.o
 .text          0x00000000        0x0 obj/AudioClassDevice.o
 .data          0x00000000        0x0 obj/AudioClassDevice.o
 .bss           0x00000000        0x0 obj/AudioClassDevice.o
 .text.Audio_Device_ConfigureEndpoints
                0x00000000       0x30 obj/AudioClassDevice.o
 .text.Audio_Device_Event_Stub
                0x00000000        0x2 obj/AudioClassDevice.o
 .text.Audio_Device_ProcessControlRequest
                0x00000000      0x2ee obj/AudioClassDevice.o
 .debug_info    0x00000000      0x9ba obj/AudioClassDevice.o
 .debug_abbrev  0x00000000      0x24d obj/AudioClassDevice.o
 .debug_loc     0x00000000      0x34e obj/AudioClassDevice.o
 .debug_aranges
                0x00000000       0x30 obj/AudioClassDevice.o
 .debug_ranges  0x00000000       0x60 obj/AudioClassDevice.o
 .debug_line    0x00000000      0x837 obj/AudioClassDevice.o
 .debug_str     0x00000000      0x6fc obj/AudioClassDevice.o
 .comment       0x00000000       0x13 obj/AudioClassDevice.o
 .debug_frame   0x00000000       0x90 obj/AudioClassDevice.o
 .text          0x00000000        0x0 obj/CCIDClassDevice.o
 .data          0x00000000        0x0 obj/CCIDClassDevice.o
 .bss           0x00000000        0x0 obj/CCIDClassDevice.o
 .text.CCID_CheckStatusNoError
                0x00000000        0xc obj/CCIDClassDevice.o
 .text.CCID_Device_ProcessControlRequest
                0x00000000       0x70 obj/CCIDClassDevice.o
 .text.CCID_Device_ConfigureEndpoints
                0x00000000       0x2e obj/CCIDClassDevice.o
 .text.CCID_Device_USBTask
                0x00000000      0x3b0 obj/CCIDClassDevice.o
 .debug_info    0x00000000     0x100b obj/CCIDClassDevice.o
 .debug_abbrev  0x00000000      0x3ab obj/CCIDClassDevice.o
 .debug_loc     0x00000000      0x727 obj/CCIDClassDevice.o
 .debug_aranges
                0x00000000       0x38 obj/CCIDClassDevice.o
 .debug_ranges  0x00000000       0xc8 obj/CCIDClassDevice.o
 .debug_line    0x00000000      0xfa1 obj/CCIDClassDevice.o
 .debug_str     0x00000000      0xa23 obj/CCIDClassDevice.o
 .comment       0x00000000       0x13 obj/CCIDClassDevice.o
 .debug_frame   0x00000000       0xbc obj/CCIDClassDevice.o
 .text          0x00000000        0x0 obj/CDCClassDevice.o
 .data          0x00000000        0x0 obj/CDCClassDevice.o
 .bss           0x00000000        0x0 obj/CDCClassDevice.o
 .text.CDC_Device_ConfigureEndpoints
                0x00000000       0x4e obj/CDCClassDevice.o
 .text.CDC_Device_SendString
                0x00000000       0x3a obj/CDCClassDevice.o
 .text.CDC_Device_SendData
                0x00000000       0x34 obj/CDCClassDevice.o
 .text.CDC_Device_SendString_P
                0x00000000       0x3a obj/CDCClassDevice.o
 .text.CDC_Device_SendData_P
                0x00000000       0x34 obj/CDCClassDevice.o
 .text.CDC_Device_SendByte
                0x00000000       0x50 obj/CDCClassDevice.o
 .text.CDC_Device_putchar
                0x00000000       0x30 obj/CDCClassDevice.o
 .text.CDC_Device_Flush
                0x00000000       0x58 obj/CDCClassDevice.o
 .text.CDC_Device_USBTask
                0x00000000       0x2e obj/CDCClassDevice.o
 .text.CDC_Device_BytesReceived
                0x00000000       0x4a obj/CDCClassDevice.o
 .text.CDC_Device_ReceiveByte
                0x00000000       0x58 obj/CDCClassDevice.o
 .text.CDC_Device_getchar
                0x00000000       0x16 obj/CDCClassDevice.o
 .text.CDC_Device_getchar_Blocking
                0x00000000       0x36 obj/CDCClassDevice.o
 .rodata        0x00000000       0x24 obj/CDCClassDevice.o
 .text.CDC_Device_SendControlLineStateChange
                0x00000000       0x8e obj/CDCClassDevice.o
 .text.CDC_Device_CreateStream
                0x00000000       0x1a obj/CDCClassDevice.o
 .text.CDC_Device_CreateBlockingStream
                0x00000000       0x1a obj/CDCClassDevice.o
 .text.CDC_Device_Event_Stub
                0x00000000        0x2 obj/CDCClassDevice.o
 .text.CDC_Device_Event_Stub_2
                0x00000000        0x2 obj/CDCClassDevice.o
 .text.CDC_Device_ProcessControlRequest
                0x00000000      0x14e obj/CDCClassDevice.o
 .debug_info    0x00000000     0x138a obj/CDCClassDevice.o
 .debug_abbrev  0x00000000      0x522 obj/CDCClassDevice.o
 .debug_loc     0x00000000      0xba0 obj/CDCClassDevice.o
 .debug_aranges
                0x00000000       0xb0 obj/CDCClassDevice.o
 .debug_ranges  0x00000000       0xa0 obj/CDCClassDevice.o
 .debug_line    0x00000000     0x148f obj/CDCClassDevice.o
 .debug_str     0x00000000      0xae9 obj/CDCClassDevice.o
 .comment       0x00000000       0x13 obj/CDCClassDevice.o
 .debug_frame   0x00000000      0x19c obj/CDCClassDevice.o
 .text          0x00000000        0x0 obj/HIDClassDevice.o
 .data          0x00000000        0x0 obj/HIDClassDevice.o
 .bss           0x00000000        0x0 obj/HIDClassDevice.o
 .text          0x00000000        0x0 obj/MassStorageClassDevice.o
 .data          0x00000000        0x0 obj/MassStorageClassDevice.o
 .bss           0x00000000        0x0 obj/MassStorageClassDevice.o
 .text.MS_Device_ProcessControlRequest
                0x00000000       0x7c obj/MassStorageClassDevice.o
 .text.MS_Device_ConfigureEndpoints
                0x00000000       0x3c obj/MassStorageClassDevice.o
 .text.MS_Device_USBTask
                0x00000000      0x256 obj/MassStorageClassDevice.o
 .debug_info    0x00000000      0xaa5 obj/MassStorageClassDevice.o
 .debug_abbrev  0x00000000      0x30f obj/MassStorageClassDevice.o
 .debug_loc     0x00000000      0x33b obj/MassStorageClassDevice.o
 .debug_aranges
                0x00000000       0x30 obj/MassStorageClassDevice.o
 .debug_ranges  0x00000000       0x70 obj/MassStorageClassDevice.o
 .debug_line    0x00000000      0xbd6 obj/MassStorageClassDevice.o
 .debug_str     0x00000000      0x864 obj/MassStorageClassDevice.o
 .comment       0x00000000       0x13 obj/MassStorageClassDevice.o
 .debug_frame   0x00000000       0x80 obj/MassStorageClassDevice.o
 .text          0x00000000        0x0 obj/MIDIClassDevice.o
 .data          0x00000000        0x0 obj/MIDIClassDevice.o
 .bss           0x00000000        0x0 obj/MIDIClassDevice.o
 .text.MIDI_Device_ConfigureEndpoints
                0x00000000       0x30 obj/MIDIClassDevice.o
 .text.MIDI_Device_SendEventPacket
                0x00000000       0x3e obj/MIDIClassDevice.o
 .text.MIDI_Device_Flush
                0x00000000       0x2c obj/MIDIClassDevice.o
 .text.MIDI_Device_USBTask
                0x00000000       0x22 obj/MIDIClassDevice.o
 .text.MIDI_Device_ReceiveEventPacket
                0x00000000       0x4e obj/MIDIClassDevice.o
 .debug_info    0x00000000      0x71a obj/MIDIClassDevice.o
 .debug_abbrev  0x00000000      0x28c obj/MIDIClassDevice.o
 .debug_loc     0x00000000      0x36e obj/MIDIClassDevice.o
 .debug_aranges
                0x00000000       0x40 obj/MIDIClassDevice.o
 .debug_ranges  0x00000000       0x30 obj/MIDIClassDevice.o
 .debug_line    0x00000000      0x6a0 obj/MIDIClassDevice.o
 .debug_str     0x00000000      0x6cd obj/MIDIClassDevice.o
 .comment       0x00000000       0x13 obj/MIDIClassDevice.o
 .debug_frame   0x00000000       0x70 obj/MIDIClassDevice.o
 .text          0x00000000        0x0 obj/PrinterClassDevice.o
 .data          0x00000000        0x0 obj/PrinterClassDevice.o
 .bss           0x00000000        0x0 obj/PrinterClassDevice.o
 .text.PRNT_Device_ConfigureEndpoints
                0x00000000       0x34 obj/PrinterClassDevice.o
 .text.PRNT_Device_SendString
                0x00000000       0x2a obj/PrinterClassDevice.o
 .text.PRNT_Device_SendData
                0x00000000       0x24 obj/PrinterClassDevice.o
 .text.PRNT_Device_SendByte
                0x00000000       0x40 obj/PrinterClassDevice.o
 .text.PRNT_Device_putchar
                0x00000000       0x20 obj/PrinterClassDevice.o
 .text.PRNT_Device_Flush
                0x00000000       0x48 obj/PrinterClassDevice.o
 .text.PRNT_Device_USBTask
                0x00000000       0x9a obj/PrinterClassDevice.o
 .text.PRNT_Device_BytesReceived
                0x00000000       0x3a obj/PrinterClassDevice.o
 .text.PRNT_Device_ReceiveByte
                0x00000000       0x48 obj/PrinterClassDevice.o
 .text.PRNT_Device_getchar
                0x00000000       0x16 obj/PrinterClassDevice.o
 .text.PRNT_Device_getchar_Blocking
                0x00000000       0x36 obj/PrinterClassDevice.o
 .rodata        0x00000000       0x1c obj/PrinterClassDevice.o
 .text.PRNT_Device_CreateStream
                0x00000000       0x1a obj/PrinterClassDevice.o
 .text.PRNT_Device_CreateBlockingStream
                0x00000000       0x1a obj/PrinterClassDevice.o
 .text.PRNT_Device_Event_Stub
                0x00000000        0x2 obj/PrinterClassDevice.o
 .text.PRNT_Device_ProcessControlRequest
                0x00000000       0xda obj/PrinterClassDevice.o
 .debug_info    0x00000000     0x1048 obj/PrinterClassDevice.o
 .debug_abbrev  0x00000000      0x414 obj/PrinterClassDevice.o
 .debug_loc     0x00000000      0x9ff obj/PrinterClassDevice.o
 .debug_aranges
                0x00000000       0x90 obj/PrinterClassDevice.o
 .debug_ranges  0x00000000       0x98 obj/PrinterClassDevice.o
 .debug_line    0x00000000     0x1195 obj/PrinterClassDevice.o
 .debug_str     0x00000000      0x9b5 obj/PrinterClassDevice.o
 .comment       0x00000000       0x13 obj/PrinterClassDevice.o
 .debug_frame   0x00000000      0x13c obj/PrinterClassDevice.o
 .text          0x00000000        0x0 obj/RNDISClassDevice.o
 .data          0x00000000        0x0 obj/RNDISClassDevice.o
 .bss           0x00000000        0x0 obj/RNDISClassDevice.o
 .text.RNDIS_Device_ProcessControlRequest
                0x00000000      0x4a6 obj/RNDISClassDevice.o
 .text.RNDIS_Device_ConfigureEndpoints
                0x00000000       0x62 obj/RNDISClassDevice.o
 .rodata        0x00000000        0x8 obj/RNDISClassDevice.o
 .text.RNDIS_Device_USBTask
                0x00000000       0x80 obj/RNDISClassDevice.o
 .text.RNDIS_Device_IsPacketReceived
                0x00000000       0x28 obj/RNDISClassDevice.o
 .text.RNDIS_Device_ReadPacket
                0x00000000       0xfa obj/RNDISClassDevice.o
 .text.RNDIS_Device_SendPacket
                0x00000000       0xcc obj/RNDISClassDevice.o
 .progmem.data  0x00000000       0x6c obj/RNDISClassDevice.o
 .debug_info    0x00000000     0x148e obj/RNDISClassDevice.o
 .debug_abbrev  0x00000000      0x415 obj/RNDISClassDevice.o
 .debug_loc     0x00000000     0x11ba obj/RNDISClassDevice.o
 .debug_aranges
                0x00000000       0x48 obj/RNDISClassDevice.o
 .debug_ranges  0x00000000       0x98 obj/RNDISClassDevice.o
 .debug_line    0x00000000     0x1103 obj/RNDISClassDevice.o
 .debug_str     0x00000000      0xe30 obj/RNDISClassDevice.o
 .comment       0x00000000       0x13 obj/RNDISClassDevice.o
 .debug_frame   0x00000000      0x120 obj/RNDISClassDevice.o
 .text          0x00000000        0x0 obj/AndroidAccessoryClassHost.o
 .data          0x00000000        0x0 obj/AndroidAccessoryClassHost.o
 .bss           0x00000000        0x0 obj/AndroidAccessoryClassHost.o
 .debug_info    0x00000000       0x64 obj/AndroidAccessoryClassHost.o
 .debug_abbrev  0x00000000       0x26 obj/AndroidAccessoryClassHost.o
 .debug_aranges
                0x00000000       0x18 obj/AndroidAccessoryClassHost.o
 .debug_line    0x00000000       0x61 obj/AndroidAccessoryClassHost.o
 .debug_str     0x00000000      0x202 obj/AndroidAccessoryClassHost.o
 .comment       0x00000000       0x13 obj/AndroidAccessoryClassHost.o
 .text          0x00000000        0x0 obj/AudioClassHost.o
 .data          0x00000000        0x0 obj/AudioClassHost.o
 .bss           0x00000000        0x0 obj/AudioClassHost.o
 .debug_info    0x00000000       0x64 obj/AudioClassHost.o
 .debug_abbrev  0x00000000       0x26 obj/AudioClassHost.o
 .debug_aranges
                0x00000000       0x18 obj/AudioClassHost.o
 .debug_line    0x00000000       0x56 obj/AudioClassHost.o
 .debug_str     0x00000000      0x1f7 obj/AudioClassHost.o
 .comment       0x00000000       0x13 obj/AudioClassHost.o
 .text          0x00000000        0x0 obj/CDCClassHost.o
 .data          0x00000000        0x0 obj/CDCClassHost.o
 .bss           0x00000000        0x0 obj/CDCClassHost.o
 .debug_info    0x00000000       0x64 obj/CDCClassHost.o
 .debug_abbrev  0x00000000       0x26 obj/CDCClassHost.o
 .debug_aranges
                0x00000000       0x18 obj/CDCClassHost.o
 .debug_line    0x00000000       0x54 obj/CDCClassHost.o
 .debug_str     0x00000000      0x1f5 obj/CDCClassHost.o
 .comment       0x00000000       0x13 obj/CDCClassHost.o
 .text          0x00000000        0x0 obj/HIDClassHost.o
 .data          0x00000000        0x0 obj/HIDClassHost.o
 .bss           0x00000000        0x0 obj/HIDClassHost.o
 .debug_info    0x00000000       0x64 obj/HIDClassHost.o
 .debug_abbrev  0x00000000       0x26 obj/HIDClassHost.o
 .debug_aranges
                0x00000000       0x18 obj/HIDClassHost.o
 .debug_line    0x00000000       0x54 obj/HIDClassHost.o
 .debug_str     0x00000000      0x1f5 obj/HIDClassHost.o
 .comment       0x00000000       0x13 obj/HIDClassHost.o
 .text          0x00000000        0x0 obj/MassStorageClassHost.o
 .data          0x00000000        0x0 obj/MassStorageClassHost.o
 .bss           0x00000000        0x0 obj/MassStorageClassHost.o
 .debug_info    0x00000000       0x64 obj/MassStorageClassHost.o
 .debug_abbrev  0x00000000       0x26 obj/MassStorageClassHost.o
 .debug_aranges
                0x00000000       0x18 obj/MassStorageClassHost.o
 .debug_line    0x00000000       0x5c obj/MassStorageClassHost.o
 .debug_str     0x00000000      0x1fd obj/MassStorageClassHost.o
 .comment       0x00000000       0x13 obj/MassStorageClassHost.o
 .text          0x00000000        0x0 obj/MIDIClassHost.o
 .data          0x00000000        0x0 obj/MIDIClassHost.o
 .bss           0x00000000        0x0 obj/MIDIClassHost.o
 .debug_info    0x00000000       0x64 obj/MIDIClassHost.o
 .debug_abbrev  0x00000000       0x26 obj/MIDIClassHost.o
 .debug_aranges
                0x00000000       0x18 obj/MIDIClassHost.o
 .debug_line    0x00000000       0x55 obj/MIDIClassHost.o
 .debug_str     0x00000000      0x1f6 obj/MIDIClassHost.o
 .comment       0x00000000       0x13 obj/MIDIClassHost.o
 .text          0x00000000        0x0 obj/PrinterClassHost.o
 .data          0x00000000        0x0 obj/PrinterClassHost.o
 .bss           0x00000000        0x0 obj/PrinterClassHost.o
 .debug_info    0x00000000       0x64 obj/PrinterClassHost.o
 .debug_abbrev  0x00000000       0x26 obj/PrinterClassHost.o
 .debug_aranges
                0x00000000       0x18 obj/PrinterClassHost.o
 .debug_line    0x00000000       0x58 obj/PrinterClassHost.o
 .debug_str     0x00000000      0x1f9 obj/PrinterClassHost.o
 .comment       0x00000000       0x13 obj/PrinterClassHost.o
 .text          0x00000000        0x0 obj/RNDISClassHost.o
 .data          0x00000000        0x0 obj/RNDISClassHost.o
 .bss           0x00000000        0x0 obj/RNDISClassHost.o
 .debug_info    0x00000000       0x64 obj/RNDISClassHost.o
 .debug_abbrev  0x00000000       0x26 obj/RNDISClassHost.o
 .debug_aranges
                0x00000000       0x18 obj/RNDISClassHost.o
 .debug_line    0x00000000       0x56 obj/RNDISClassHost.o
 .debug_str     0x00000000      0x1f7 obj/RNDISClassHost.o
 .comment       0x00000000       0x13 obj/RNDISClassHost.o
 .text          0x00000000        0x0 obj/StillImageClassHost.o
 .data          0x00000000        0x0 obj/StillImageClassHost.o
 .bss           0x00000000        0x0 obj/StillImageClassHost.o
 .debug_info    0x00000000       0x64 obj/StillImageClassHost.o
 .debug_abbrev  0x00000000       0x26 obj/StillImageClassHost.o
 .debug_aranges
                0x00000000       0x18 obj/StillImageClassHost.o
 .debug_line    0x00000000       0x5b obj/StillImageClassHost.o
 .debug_str     0x00000000      0x1fc obj/StillImageClassHost.o
 .comment       0x00000000       0x13 obj/StillImageClassHost.o
 .text          0x00000000        0x0 /usr/lib/gcc/avr/15.1.0/avr35/libgcc.a(_mulhi3.o)
 .data          0x00000000        0x0 /usr/lib/gcc/avr/15.1.0/avr35/libgcc.a(_mulhi3.o)
 .bss           0x00000000        0x0 /usr/lib/gcc/avr/15.1.0/avr35/libgcc.a(_mulhi3.o)
 .text.libgcc.mul
                0x00000000       0x22 /usr/lib/gcc/avr/15.1.0/avr35/libgcc.a(_mulhi3.o)
 .text.libgcc.div
                0x00000000        0x0 /usr/lib/gcc/avr/15.1.0/avr35/libgcc.a(_mulhi3.o)
 .text.libgcc   0x00000000        0x0 /usr/lib/gcc/avr/15.1.0/avr35/libgcc.a(_mulhi3.o)
 .text.libgcc.prologue
                0x00000000        0x0 /usr/lib/gcc/avr/15.1.0/avr35/libgcc.a(_mulhi3.o)
 .text.libgcc.builtins
                0x00000000        0x0 /usr/lib/gcc/avr/15.1.0/avr35/libgcc.a(_mulhi3.o)
 .text.libgcc.fmul
                0x00000000        0x0 /usr/lib/gcc/avr/15.1.0/avr35/libgcc.a(_mulhi3.o)
 .text.libgcc.fixed
                0x00000000        0x0 /usr/lib/gcc/avr/15.1.0/avr35/libgcc.a(_mulhi3.o)
 .text          0x00000000        0x0 /usr/lib/gcc/avr/15.1.0/avr35/libgcc.a(_udivmodhi4.o)
 .data          0x00000000        0x0 /usr/lib/gcc/avr/15.1.0/avr35/libgcc.a(_udivmodhi4.o)
 .bss           0x00000000        0x0 /usr/lib/gcc/avr/15.1.0/avr35/libgcc.a(_udivmodhi4.o)
 .text.libgcc.mul
                0x00000000        0x0 /usr/lib/gcc/avr/15.1.0/avr35/libgcc.a(_udivmodhi4.o)
 .text.libgcc   0x00000000        0x0 /usr/lib/gcc/avr/15.1.0/avr35/libgcc.a(_udivmodhi4.o)
 .text.libgcc.prologue
                0x00000000        0x0 /usr/lib/gcc/avr/15.1.0/avr35/libgcc.a(_udivmodhi4.o)
 .text.libgcc.builtins
                0x00000000        0x0 /usr/lib/gcc/avr/15.1.0/avr35/libgcc.a(_udivmodhi4.o)
 .text.libgcc.fmul
                0x00000000        0x0 /usr/lib/gcc/avr/15.1.0/avr35/libgcc.a(_udivmodhi4.o)
 .text.libgcc.fixed
                0x00000000        0x0 /usr/lib/gcc/avr/15.1.0/avr35/libgcc.a(_udivmodhi4.o)
 .text          0x00000000        0x0 /usr/lib/gcc/avr/15.1.0/avr35/libgcc.a(_copy_data.o)
 .data          0x00000000        0x0 /usr/lib/gcc/avr/15.1.0/avr35/libgcc.a(_copy_data.o)
 .bss           0x00000000        0x0 /usr/lib/gcc/avr/15.1.0/avr35/libgcc.a(_copy_data.o)
 .text.libgcc.mul
                0x00000000        0x0 /usr/lib/gcc/avr/15.1.0/avr35/libgcc.a(_copy_data.o)
 .text.libgcc.div
                0x00000000        0x0 /usr/lib/gcc/avr/15.1.0/avr35/libgcc.a(_copy_data.o)
 .text.libgcc   0x00000000        0x0 /usr/lib/gcc/avr/15.1.0/avr35/libgcc.a(_copy_data.o)
 .text.libgcc.prologue
                0x00000000        0x0 /usr/lib/gcc/avr/15.1.0/avr35/libgcc.a(_copy_data.o)
 .text.libgcc.builtins
                0x00000000        0x0 /usr/lib/gcc/avr/15.1.0/avr35/libgcc.a(_copy_data.o)
 .text.libgcc.fmul
                0x00000000        0x0 /usr/lib/gcc/avr/15.1.0/avr35/libgcc.a(_copy_data.o)
 .text.libgcc.fixed
                0x00000000        0x0 /usr/lib/gcc/avr/15.1.0/avr35/libgcc.a(_copy_data.o)
 .text          0x00000000        0x0 /usr/lib/gcc/avr/15.1.0/avr35/libgcc.a(_clear_bss.o)
 .data          0x00000000        0x0 /usr/lib/gcc/avr/15.1.0/avr35/libgcc.a(_clear_bss.o)
 .bss           0x00000000        0x0 /usr/lib/gcc/avr/15.1.0/avr35/libgcc.a(_clear_bss.o)
 .text.libgcc.mul
                0x00000000        0x0 /usr/lib/gcc/avr/15.1.0/avr35/libgcc.a(_clear_bss.o)
 .text.libgcc.div
                0x00000000        0x0 /usr/lib/gcc/avr/15.1.0/avr35/libgcc.a(_clear_bss.o)
 .text.libgcc   0x00000000        0x0 /usr/lib/gcc/avr/15.1.0/avr35/libgcc.a(_clear_bss.o)
 .text.libgcc.prologue
                0x00000000        0x0 /usr/lib/gcc/avr/15.1.0/avr35/libgcc.a(_clear_bss.o)
 .text.libgcc.builtins
                0x00000000        0x0 /usr/lib/gcc/avr/15.1.0/avr35/libgcc.a(_clear_bss.o)
 .text.libgcc.fmul
                0x00000000        0x0 /usr/lib/gcc/avr/15.1.0/avr35/libgcc.a(_clear_bss.o)
 .text.libgcc.fixed
                0x00000000        0x0 /usr/lib/gcc/avr/15.1.0/avr35/libgcc.a(_clear_bss.o)
 .text          0x00000000        0x0 /usr/lib/gcc/avr/15.1.0/../../../../avr/lib/avr35/libc.a(_memcpy_P.o)
 .data          0x00000000        0x0 /usr/lib/gcc/avr/15.1.0/../../../../avr/lib/avr35/libc.a(_memcpy_P.o)
 .bss           0x00000000        0x0 /usr/lib/gcc/avr/15.1.0/../../../../avr/lib/avr35/libc.a(_memcpy_P.o)
 .text.avr-libc
                0x00000000        0xc /usr/lib/gcc/avr/15.1.0/../../../../avr/lib/avr35/libc.a(_memcpy_P.o)
 .text          0x00000000        0x0 /usr/lib/gcc/avr/15.1.0/../../../../avr/lib/avr35/libc.a(strlen_P.o)
 .data          0x00000000        0x0 /usr/lib/gcc/avr/15.1.0/../../../../avr/lib/avr35/libc.a(strlen_P.o)
 .bss           0x00000000        0x0 /usr/lib/gcc/avr/15.1.0/../../../../avr/lib/avr35/libc.a(strlen_P.o)
 .text.avr-libc
                0x00000000       0x12 /usr/lib/gcc/avr/15.1.0/../../../../avr/lib/avr35/libc.a(strlen_P.o)
 .text          0x00000000        0x0 /usr/lib/gcc/avr/15.1.0/../../../../avr/lib/avr35/libc.a(memcmp.o)
 .data          0x00000000        0x0 /usr/lib/gcc/avr/15.1.0/../../../../avr/lib/avr35/libc.a(memcmp.o)
 .bss           0x00000000        0x0 /usr/lib/gcc/avr/15.1.0/../../../../avr/lib/avr35/libc.a(memcmp.o)
 .text          0x00000000        0x0 /usr/lib/gcc/avr/15.1.0/../../../../avr/lib/avr35/libc.a(memcpy.o)
 .data          0x00000000        0x0 /usr/lib/gcc/avr/15.1.0/../../../../avr/lib/avr35/libc.a(memcpy.o)
 .bss           0x00000000        0x0 /usr/lib/gcc/avr/15.1.0/../../../../avr/lib/avr35/libc.a(memcpy.o)
 .text          0x00000000        0x0 /usr/lib/gcc/avr/15.1.0/../../../../avr/lib/avr35/libc.a(memset.o)
 .data          0x00000000        0x0 /usr/lib/gcc/avr/15.1.0/../../../../avr/lib/avr35/libc.a(memset.o)
 .bss           0x00000000        0x0 /usr/lib/gcc/avr/15.1.0/../../../../avr/lib/avr35/libc.a(memset.o)
 .text          0x00000000        0x0 /usr/lib/gcc/avr/15.1.0/../../../../avr/lib/avr35/libc.a(strlen.o)
 .data          0x00000000        0x0 /usr/lib/gcc/avr/15.1.0/../../../../avr/lib/avr35/libc.a(strlen.o)
 .bss           0x00000000        0x0 /usr/lib/gcc/avr/15.1.0/../../../../avr/lib/avr35/libc.a(strlen.o)
 .text.avr-libc
                0x00000000       0x12 /usr/lib/gcc/avr/15.1.0/../../../../avr/lib/avr35/libc.a(strlen.o)
 .text          0x00000000        0x0 /usr/lib/gcc/avr/15.1.0/../../../../avr/lib/avr35/libatmega16u2.a(eerd_byte.o)
 .data          0x00000000        0x0 /usr/lib/gcc/avr/15.1.0/../../../../avr/lib/avr35/libatmega16u2.a(eerd_byte.o)
 .bss           0x00000000        0x0 /usr/lib/gcc/avr/15.1.0/../../../../avr/lib/avr35/libatmega16u2.a(eerd_byte.o)
 .text.avr-libc
                0x00000000       0x10 /usr/lib/gcc/avr/15.1.0/../../../../avr/lib/avr35/libatmega16u2.a(eerd_byte.o)
 .text          0x00000000        0x0 /usr/lib/gcc/avr/15.1.0/../../../../avr/lib/avr35/libatmega16u2.a(eeupd_byte.o)
 .data          0x00000000        0x0 /usr/lib/gcc/avr/15.1.0/../../../../avr/lib/avr35/libatmega16u2.a(eeupd_byte.o)
 .bss           0x00000000        0x0 /usr/lib/gcc/avr/15.1.0/../../../../avr/lib/avr35/libatmega16u2.a(eeupd_byte.o)
 .text.avr-libc
                0x00000000       0x24 /usr/lib/gcc/avr/15.1.0/../../../../avr/lib/avr35/libatmega16u2.a(eeupd_byte.o)
 .text          0x00000000        0x0 /usr/lib/gcc/avr/15.1.0/../../../../avr/lib/avr35/libatmega16u2.a(init_sp.o)
 .data          0x00000000        0x0 /usr/lib/gcc/avr/15.1.0/../../../../avr/lib/avr35/libatmega16u2.a(init_sp.o)
 .bss           0x00000000        0x0 /usr/lib/gcc/avr/15.1.0/../../../../avr/lib/avr35/libatmega16u2.a(init_sp.o)
 .text          0x00000000        0x0 /usr/lib/gcc/avr/15.1.0/../../../../avr/lib/avr35/libatmega16u2.a(call_main.o)
 .data          0x00000000        0x0 /usr/lib/gcc/avr/15.1.0/../../../../avr/lib/avr35/libatmega16u2.a(call_main.o)
 .bss           0x00000000        0x0 /usr/lib/gcc/avr/15.1.0/../../../../avr/lib/avr35/libatmega16u2.a(call_main.o)
 .text          0x00000000        0x0 /usr/lib/gcc/avr/15.1.0/avr35/libgcc.a(_exit.o)
 .data          0x00000000        0x0 /usr/lib/gcc/avr/15.1.0/avr35/libgcc.a(_exit.o)
 .bss           0x00000000        0x0 /usr/lib/gcc/avr/15.1.0/avr35/libgcc.a(_exit.o)
 .text.libgcc.mul
                0x00000000        0x0 /usr/lib/gcc/avr/15.1.0/avr35/libgcc.a(_exit.o)
 .text.libgcc.div
                0x00000000        0x0 /usr/lib/gcc/avr/15.1.0/avr35/libgcc.a(_exit.o)
 .text.libgcc   0x00000000        0x0 /usr/lib/gcc/avr/15.1.0/avr35/libgcc.a(_exit.o)
 .text.libgcc.prologue
                0x00000000        0x0 /usr/lib/gcc/avr/15.1.0/avr35/libgcc.a(_exit.o)
 .text.libgcc.builtins
                0x00000000        0x0 /usr/lib/gcc/avr/15.1.0/avr35/libgcc.a(_exit.o)
 .text.libgcc.fmul
                0x00000000        0x0 /usr/lib/gcc/avr/15.1.0/avr35/libgcc.a(_exit.o)
 .text.libgcc.fixed
                0x00000000        0x0 /usr/lib/gcc/avr/15.1.0/avr35/libgcc.a(_exit.o)

Memory Configuration

Name             Origin             Length             Attributes
text             0x00000000         0x00004000         xr
data             0x00800100         0x00000200         rw!x
eeprom           0x00810000         0x00000200         rw!x
fuse             0x00820000         0x00000003         rw!x
lock             0x00830000         0x00000400         rw!x
signature        0x00840000         0x00000400         rw!x
user_signatures  0x00850000         0x00000400         rw!x
*default*        0x00000000         0xffffffff

Linker script and memory map

Address of section .data set to 0x800100
LOAD /usr/lib/gcc/avr/15.1.0/../../../../avr/lib/avr35/crtatmega16u2.o
LOAD obj/Keyboard.o
LOAD obj/Descriptors.o
LOAD obj/HIDParser.o
LOAD obj/Device_AVR8.o
LOAD obj/EndpointStream_AVR8.o
LOAD obj/Endpoint_AVR8.o
LOAD obj/Host_AVR8.o
LOAD obj/PipeStream_AVR8.o
LOAD obj/Pipe_AVR8.o
LOAD obj/USBController_AVR8.o
LOAD obj/USBInterrupt_AVR8.o
LOAD obj/ConfigDescriptors.o
LOAD obj/DeviceStandardReq.o
LOAD obj/Events.o
LOAD obj/HostStandardReq.o
LOAD obj/USBTask.o
LOAD obj/AudioClassDevice.o
LOAD obj/CCIDClassDevice.o
LOAD obj/CDCClassDevice.o
LOAD obj/HIDClassDevice.o
LOAD obj/MassStorageClassDevice.o
LOAD obj/MIDIClassDevice.o
LOAD obj/PrinterClassDevice.o
LOAD obj/RNDISClassDevice.o
LOAD obj/AndroidAccessoryClassHost.o
LOAD obj/AudioClassHost.o
LOAD obj/CDCClassHost.o
LOAD obj/HIDClassHost.o
LOAD obj/MassStorageClassHost.o
LOAD obj/MIDIClassHost.o
LOAD obj/PrinterClassHost.o
LOAD obj/RNDISClassHost.o
LOAD obj/StillImageClassHost.o
LOAD /usr/lib/gcc/avr/15.1.0/../../../../avr/lib/avr35/libm.a
START GROUP
LOAD /usr/lib/gcc/avr/15.1.0/avr35/libgcc.a
LOAD /usr/lib/gcc/avr/15.1.0/../../../../avr/lib/avr35/libm.a
LOAD /usr/lib/gcc/avr/15.1.0/../../../../avr/lib/avr35/libc.a
LOAD /usr/lib/gcc/avr/15.1.0/../../../../avr/lib/avr35/libatmega16u2.a
END GROUP
                [0x00000000]                      __TEXT_REGION_ORIGIN__ = DEFINED (__TEXT_REGION_ORIGIN__)?__TEXT_REGION_ORIGIN__:0x0
                [0x00004000]                      __TEXT_REGION_LENGTH__ = DEFINED (__TEXT_REGION_LENGTH__)?__TEXT_REGION_LENGTH__:0x10000
                [0x00800100]                      __DATA_REGION_ORIGIN__ = DEFINED (__DATA_REGION_ORIGIN__)?__DATA_REGION_ORIGIN__:0x800060
                [0x00000200]                      __DATA_REGION_LENGTH__ = DEFINED (__DATA_REGION_LENGTH__)?__DATA_REGION_LENGTH__:0xffa0
                [0x00000200]                      __EEPROM_REGION_LENGTH__ = DEFINED (__EEPROM_REGION_LENGTH__)?__EEPROM_REGION_LENGTH__:0x10000
                [0x00000003]                      __FUSE_REGION_LENGTH__ = DEFINED (__FUSE_REGION_LENGTH__)?__FUSE_REGION_LENGTH__:0x400
                0x00000400                        __LOCK_REGION_LENGTH__ = DEFINED (__LOCK_REGION_LENGTH__)?__LOCK_REGION_LENGTH__:0x400
                0x00000400                        __SIGNATURE_REGION_LENGTH__ = DEFINED (__SIGNATURE_REGION_LENGTH__)?__SIGNATURE_REGION_LENGTH__:0x400
                0x00000400                        __USER_SIGNATURE_REGION_LENGTH__ = DEFINED (__USER_SIGNATURE_REGION_LENGTH__)?__USER_SIGNATURE_REGION_LENGTH__:0x400

.hash
 *(.hash)

.dynsym
 *(.dynsym)

.dynstr
 *(.dynstr)

.gnu.version
 *(.gnu.version)

.gnu.version_d
 *(.gnu.version_d)

.gnu.version_r
 *(.gnu.version_r)

.rel.init
 *(.rel.init)

.rela.init
 *(.rela.init)

.rel.text
 *(.rel.text)
 *(.rel.text.*)
 *(.rel.gnu.linkonce.t*)

.rela.text
 *(.rela.text)
 *(.rela.text.*)
 *(.rela.gnu.linkonce.t*)

.rel.fini
 *(.rel.fini)

.rela.fini
 *(.rela.fini)

.rel.rodata
 *(.rel.rodata)
 *(.rel.rodata.*)
 *(.rel.gnu.linkonce.r*)

.rela.rodata
 *(.rela.rodata)
 *(.rela.rodata.*)
 *(.rela.gnu.linkonce.r*)

.rel.data
 *(.rel.data)
 *(.rel.data.*)
 *(.rel.gnu.linkonce.d*)

.rela.data
 *(.rela.data)
 *(.rela.data.*)
 *(.rela.gnu.linkonce.d*)

.rel.ctors
 *(.rel.ctors)

.rela.ctors
 *(.rela.ctors)

.rel.dtors
 *(.rel.dtors)

.rela.dtors
 *(.rela.dtors)

.rel.got
 *(.rel.got)

.rela.got
 *(.rela.got)

.rel.bss
 *(.rel.bss)

.rela.bss
 *(.rela.bss)

.rel.plt
 *(.rel.plt)

.rela.plt
 *(.rela.plt)

.text           0x00000000     0x10f0
 *(.vectors)
 .vectors       0x00000000       0x74 /usr/lib/gcc/avr/15.1.0/../../../../avr/lib/avr35/crtatmega16u2.o
                0x00000000                __vectors
                0x00000000                __vector_default
 *(.vectors)
 *(.progmem.gcc*)
                0x00000074                        . = ALIGN (0x2)
                0x00000074                        __trampolines_start = .
 *(.trampolines)
 .trampolines   0x00000074        0x0 linker stubs
 *(.trampolines*)
                0x00000074                        __trampolines_end = .
 *libprintf_flt.a:*(.progmem.data)
 *libc.a:*(.progmem.data)
 *(.progmem.*)
 .progmem.data  0x00000074       0xbc obj/Descriptors.o
                0x00000074                ProductString
                0x0000009c                ManufacturerString
                0x000000b8                LanguageString
                0x000000bc                ConfigurationDescriptor
                0x000000de                DeviceDescriptor
                0x000000f0                KeyboardReport
                0x00000130                        . = ALIGN (0x2)
 *(.lowtext)
 *(.lowtext*)
                0x00000130                        __ctors_start = .
 *(.ctors)
                0x00000130                        __ctors_end = .
                0x00000130                        __dtors_start = .
 *(.dtors)
                0x00000130                        __dtors_end = .
 SORT_BY_NAME(*)(.ctors)
 SORT_BY_NAME(*)(.dtors)
 *(.init0)
 .init0         0x00000130        0x0 /usr/lib/gcc/avr/15.1.0/../../../../avr/lib/avr35/crtatmega16u2.o
                0x00000130                __init
 *(.init0)
 *(.init1)
 *(.init1)
 *(.init2)
 .init2         0x00000130        0x4 /usr/lib/gcc/avr/15.1.0/../../../../avr/lib/avr35/crtatmega16u2.o
 .init2         0x00000134        0x8 /usr/lib/gcc/avr/15.1.0/../../../../avr/lib/avr35/libatmega16u2.a(init_sp.o)
                0x00000134                __init_sp
 *(.init2)
 *(.init3)
 *(.init3)
 *(.init4)
 .init4         0x0000013c       0x16 /usr/lib/gcc/avr/15.1.0/avr35/libgcc.a(_copy_data.o)
                0x0000013c                __do_copy_data
 .init4         0x00000152       0x10 /usr/lib/gcc/avr/15.1.0/avr35/libgcc.a(_clear_bss.o)
                0x00000152                __do_clear_bss
 *(.init4)
 *(.init5)
 *(.init5)
 *(.init6)
 *(.init6)
 *(.init7)
 *(.init7)
 *(.init8)
 *(.init8)
 *(.init9)
 .init9         0x00000162        0x4 /usr/lib/gcc/avr/15.1.0/../../../../avr/lib/avr35/libatmega16u2.a(call_main.o)
                0x00000162                __call_main
 *(.init9)
 *(.text)
 .text          0x00000166        0x2 /usr/lib/gcc/avr/15.1.0/../../../../avr/lib/avr35/crtatmega16u2.o
                0x00000166                __vector_22
                0x00000166                __vector_28
                0x00000166                __vector_1
                0x00000166                __vector_24
                0x00000166                __vector_12
                0x00000166                __bad_interrupt
                0x00000166                __vector_6
                0x00000166                __vector_3
                0x00000166                __vector_23
                0x00000166                __vector_25
                0x00000166                __vector_13
                0x00000166                __vector_17
                0x00000166                __vector_19
                0x00000166                __vector_7
                0x00000166                __vector_27
                0x00000166                __vector_5
                0x00000166                __vector_4
                0x00000166                __vector_9
                0x00000166                __vector_2
                0x00000166                __vector_21
                0x00000166                __vector_15
                0x00000166                __vector_8
                0x00000166                __vector_26
                0x00000166                __vector_14
                0x00000166                __vector_10
                0x00000166                __vector_16
                0x00000166                __vector_18
                0x00000166                __vector_20
                0x00000168                        . = ALIGN (0x2)
 *(.text.*)
 .text.SetupHardware
                0x00000168       0x3c obj/Keyboard.o
                0x00000168                SetupHardware
 .text.startup.main
                0x000001a4        0xe obj/Keyboard.o
                0x000001a4                main
 .text.EVENT_USB_Device_Connect
                0x000001b2        0x2 obj/Keyboard.o
                0x000001b2                EVENT_USB_Device_Connect
 .text.EVENT_USB_Device_Disconnect
                0x000001b4        0x2 obj/Keyboard.o
                0x000001b4                EVENT_USB_Device_Disconnect
 .text.EVENT_USB_Device_ConfigurationChanged
                0x000001b6       0x12 obj/Keyboard.o
                0x000001b6                EVENT_USB_Device_ConfigurationChanged
 .text.EVENT_USB_Device_ControlRequest
                0x000001c8        0x6 obj/Keyboard.o
                0x000001c8                EVENT_USB_Device_ControlRequest
 .text.EVENT_USB_Device_StartOfFrame
                0x000001ce       0x18 obj/Keyboard.o
                0x000001ce                EVENT_USB_Device_StartOfFrame
 .text.GetCapacitance
                0x000001e6       0x70 obj/Keyboard.o
                0x000001e6                GetCapacitance
 .text.CALLBACK_HID_Device_CreateHIDReport
                0x00000256       0xba obj/Keyboard.o
                0x00000256                CALLBACK_HID_Device_CreateHIDReport
 .text.CALLBACK_HID_Device_ProcessHIDReport
                0x00000310        0x2 obj/Keyboard.o
                0x00000310                CALLBACK_HID_Device_ProcessHIDReport
 .text.CALLBACK_USB_GetDescriptor
                0x00000312       0x84 obj/Descriptors.o
                0x00000312                CALLBACK_USB_GetDescriptor
 .text.Endpoint_Write_Stream_LE
                0x00000396       0x9a obj/EndpointStream_AVR8.o
                0x00000396                Endpoint_Write_Stream_LE
 .text.Endpoint_Write_Control_Stream_LE
                0x00000430       0xb2 obj/EndpointStream_AVR8.o
                0x00000430                Endpoint_Write_Control_Stream_LE
 .text.Endpoint_Read_Control_Stream_LE
                0x000004e2       0x74 obj/EndpointStream_AVR8.o
                0x000004e2                Endpoint_Read_Control_Stream_LE
 .text.Endpoint_Write_Control_PStream_LE
                0x00000556       0xb4 obj/EndpointStream_AVR8.o
                0x00000556                Endpoint_Write_Control_PStream_LE
 .text.Endpoint_ConfigureEndpoint_Prv
                0x0000060a       0x68 obj/Endpoint_AVR8.o
                0x0000060a                Endpoint_ConfigureEndpoint_Prv
 .text.Endpoint_ConfigureEndpointTable
                0x00000672       0x94 obj/Endpoint_AVR8.o
                0x00000672                Endpoint_ConfigureEndpointTable
 .text.Endpoint_ClearStatusStage
                0x00000706       0x3e obj/Endpoint_AVR8.o
                0x00000706                Endpoint_ClearStatusStage
 .text.Endpoint_WaitUntilReady
                0x00000744       0x62 obj/Endpoint_AVR8.o
                0x00000744                Endpoint_WaitUntilReady
 .text.USB_ResetInterface
                0x000007a6       0x72 obj/USBController_AVR8.o
                0x000007a6                USB_ResetInterface
 .text.USB_Init
                0x00000818       0x12 obj/USBController_AVR8.o
                0x00000818                USB_Init
 .text.USB_INT_DisableAllInterrupts
                0x0000082a        0x6 obj/USBInterrupt_AVR8.o
                0x0000082a                USB_INT_DisableAllInterrupts
 .text.USB_INT_ClearAllInterrupts
                0x00000830        0x6 obj/USBInterrupt_AVR8.o
                0x00000830                USB_INT_ClearAllInterrupts
 .text.__vector_11
                0x00000836      0x148 obj/USBInterrupt_AVR8.o
                0x00000836                __vector_11
 .text.USB_Device_ProcessControlRequest
                0x0000097e      0x2b2 obj/DeviceStandardReq.o
                0x0000097e                USB_Device_ProcessControlRequest
 .text.USB_Event_Stub
                0x00000c30        0x2 obj/Events.o
                0x00000c30                EVENT_USB_Device_WakeUp
                0x00000c30                USB_Event_Stub
                0x00000c30                EVENT_USB_Device_Suspend
                0x00000c30                EVENT_USB_Device_Reset
 .text.USB_USBTask
                0x00000c32       0x32 obj/USBTask.o
                0x00000c32                USB_USBTask
 .text.HID_Device_ProcessControlRequest
                0x00000c64      0x276 obj/HIDClassDevice.o
                0x00000c64                HID_Device_ProcessControlRequest
 .text.HID_Device_ConfigureEndpoints
                0x00000eda       0x30 obj/HIDClassDevice.o
                0x00000eda                HID_Device_ConfigureEndpoints
 .text.HID_Device_USBTask
                0x00000f0a      0x180 obj/HIDClassDevice.o
                0x00000f0a                HID_Device_USBTask
 .text.libgcc.div
                0x0000108a       0x28 /usr/lib/gcc/avr/15.1.0/avr35/libgcc.a(_udivmodhi4.o)
                0x0000108a                __udivmodhi4
 .text.avr-libc
                0x000010b2       0x1a /usr/lib/gcc/avr/15.1.0/../../../../avr/lib/avr35/libc.a(memcmp.o)
                0x000010b2                memcmp
 .text.avr-libc
                0x000010cc       0x12 /usr/lib/gcc/avr/15.1.0/../../../../avr/lib/avr35/libc.a(memcpy.o)
                0x000010cc                memcpy
 .text.avr-libc
                0x000010de        0xe /usr/lib/gcc/avr/15.1.0/../../../../avr/lib/avr35/libc.a(memset.o)
                0x000010de                memset
                0x000010ec                        . = ALIGN (0x2)
 *(.fini9)
 .fini9         0x000010ec        0x0 /usr/lib/gcc/avr/15.1.0/avr35/libgcc.a(_exit.o)
                0x000010ec                exit
                0x000010ec                _exit
 *(.fini9)
 *(.fini8)
 *(.fini8)
 *(.fini7)
 *(.fini7)
 *(.fini6)
 *(.fini6)
 *(.fini5)
 *(.fini5)
 *(.fini4)
 *(.fini4)
 *(.fini3)
 *(.fini3)
 *(.fini2)
 *(.fini2)
 *(.fini1)
 *(.fini1)
 *(.fini0)
 .fini0         0x000010ec        0x4 /usr/lib/gcc/avr/15.1.0/avr35/libgcc.a(_exit.o)
 *(.fini0)
 *(.hightext)
 *(.hightext*)
 *(.progmemx.*)
                0x000010f0                        . = ALIGN (0x2)
 *(.jumptables)
 *(.jumptables*)
                0x000010f0                        _etext = .

.data           0x00800100       0x10 load address 0x000010f0
                0x00800100                        PROVIDE (__data_start = .)
 *(.data)
 .data          0x00800100       0x10 obj/Keyboard.o
                0x00800100                Keyboard_HID_Interface
 *(.data*)
 *(.gnu.linkonce.d*)
 *(.rodata)
 *(.rodata*)
 *(.gnu.linkonce.r*)
                0x00800110                        . = ALIGN (0x2)
                0x00800110                        _edata = .
                0x00800110                        PROVIDE (__data_end = .)

.bss            0x00800110       0x17
                0x00800110                        PROVIDE (__bss_start = .)
 *(.bss)
 .bss           0x00800110        0xa obj/Keyboard.o
 .bss           0x0080011a        0x3 obj/DeviceStandardReq.o
                0x0080011a                USB_Device_RemoteWakeupEnabled
                0x0080011b                USB_Device_CurrentlySelfPowered
                0x0080011c                USB_Device_ConfigurationNumber
 .bss           0x0080011d        0xa obj/USBTask.o
                0x0080011d                USB_DeviceState
                0x0080011e                USB_ControlRequest
                0x00800126                USB_IsInitialized
 *(.bss*)
 *(COMMON)
                0x00800127                        PROVIDE (__bss_end = .)
                0x000010f0                        __data_load_start = LOADADDR (.data)
                0x00001100                        __data_load_end = (__data_load_start + SIZEOF (.data))

.noinit         0x00800127        0x0
                [!provide]                        PROVIDE (__noinit_start = .)
 *(.noinit .noinit.* .gnu.linkonce.n.*)
                [!provide]                        PROVIDE (__noinit_end = .)
                0x00800127                        _end = .
                [!provide]                        PROVIDE (__heap_start = .)
                0x00000000                        __flmap_init_label = DEFINED (__flmap_noinit_start)?__flmap_noinit_start:0x0
                0x00000000                        __flmap = DEFINED (__flmap)?__flmap:0x0

.eeprom         0x00810000        0x0
 *(.eeprom*)
                0x00810000                        __eeprom_end = .

.fuse
 *(.fuse)
 *(.lfuse)
 *(.hfuse)
 *(.efuse)

.lock
 *(.lock*)

.signature
 *(.signature*)

.stab
 *(.stab)

.stabstr
 *(.stabstr)

.stab.excl
 *(.stab.excl)

.stab.exclstr
 *(.stab.exclstr)

.stab.index
 *(.stab.index)

.stab.indexstr
 *(.stab.indexstr)

.comment        0x00000000       0x12
 *(.comment)
 .comment       0x00000000       0x12 obj/Keyboard.o
                                 0x13 (size before relaxing)
 .comment       0x00000012       0x13 obj/Descriptors.o
 .comment       0x00000012       0x13 obj/EndpointStream_AVR8.o
 .comment       0x00000012       0x13 obj/Endpoint_AVR8.o
 .comment       0x00000012       0x13 obj/USBController_AVR8.o
 .comment       0x00000012       0x13 obj/USBInterrupt_AVR8.o
 .comment       0x00000012       0x13 obj/DeviceStandardReq.o
 .comment       0x00000012       0x13 obj/Events.o
 .comment       0x00000012       0x13 obj/USBTask.o
 .comment       0x00000012       0x13 obj/HIDClassDevice.o

.note.gnu.avr.deviceinfo
                0x00000000       0x40
 .note.gnu.avr.deviceinfo
                0x00000000       0x40 /usr/lib/gcc/avr/15.1.0/../../../../avr/lib/avr35/crtatmega16u2.o

.gnu.build.attributes
 *(.gnu.build.attributes .gnu.build.attributes.*)

.note.gnu.build-id
 *(.note.gnu.build-id)

.debug
 *(.debug)

.line
 *(.line)

.debug_srcinfo
 *(.debug_srcinfo)

.debug_sfnames
 *(.debug_sfnames)

.debug_aranges  0x00000000      0x290
 *(.debug_aranges)
 .debug_aranges
                0x00000000       0x68 obj/Keyboard.o
 .debug_aranges
                0x00000068       0x20 obj/Descriptors.o
 .debug_aranges
                0x00000088       0xc8 obj/EndpointStream_AVR8.o
 .debug_aranges
                0x00000150       0x40 obj/Endpoint_AVR8.o
 .debug_aranges
                0x00000190       0x30 obj/USBController_AVR8.o
 .debug_aranges
                0x000001c0       0x30 obj/USBInterrupt_AVR8.o
 .debug_aranges
                0x000001f0       0x20 obj/DeviceStandardReq.o
 .debug_aranges
                0x00000210       0x30 obj/Events.o
 .debug_aranges
                0x00000240       0x20 obj/USBTask.o
 .debug_aranges
                0x00000260       0x30 obj/HIDClassDevice.o

.debug_pubnames
 *(.debug_pubnames)

.debug_info     0x00000000     0x644b
 *(.debug_info .gnu.linkonce.wi.*)
 .debug_info    0x00000000      0x6ba /usr/lib/gcc/avr/15.1.0/../../../../avr/lib/avr35/crtatmega16u2.o
 .debug_info    0x000006ba      0x96b obj/Keyboard.o
 .debug_info    0x00001025      0x764 obj/Descriptors.o
 .debug_info    0x00001789     0x1e43 obj/EndpointStream_AVR8.o
 .debug_info    0x000035cc      0x702 obj/Endpoint_AVR8.o
 .debug_info    0x00003cce      0x540 obj/USBController_AVR8.o
 .debug_info    0x0000420e      0x6ef obj/USBInterrupt_AVR8.o
 .debug_info    0x000048fd      0xc53 obj/DeviceStandardReq.o
 .debug_info    0x00005550       0xf7 obj/Events.o
 .debug_info    0x00005647      0x2d2 obj/USBTask.o
 .debug_info    0x00005919      0xb32 obj/HIDClassDevice.o

.debug_abbrev   0x00000000     0x1cc9
 *(.debug_abbrev)
 .debug_abbrev  0x00000000      0x65d /usr/lib/gcc/avr/15.1.0/../../../../avr/lib/avr35/crtatmega16u2.o
 .debug_abbrev  0x0000065d      0x3b1 obj/Keyboard.o
 .debug_abbrev  0x00000a0e      0x176 obj/Descriptors.o
 .debug_abbrev  0x00000b84      0x265 obj/EndpointStream_AVR8.o
 .debug_abbrev  0x00000de9      0x2a4 obj/Endpoint_AVR8.o
 .debug_abbrev  0x0000108d      0x1c9 obj/USBController_AVR8.o
 .debug_abbrev  0x00001256      0x20e obj/USBInterrupt_AVR8.o
 .debug_abbrev  0x00001464      0x391 obj/DeviceStandardReq.o
 .debug_abbrev  0x000017f5       0x89 obj/Events.o
 .debug_abbrev  0x0000187e      0x1a9 obj/USBTask.o
 .debug_abbrev  0x00001a27      0x2a2 obj/HIDClassDevice.o

.debug_line     0x00000000     0x75d5
 *(.debug_line .debug_line.* .debug_line_end)
 .debug_line    0x00000000       0x1d /usr/lib/gcc/avr/15.1.0/../../../../avr/lib/avr35/crtatmega16u2.o
 .debug_line    0x0000001d      0x9f3 obj/Keyboard.o
 .debug_line    0x00000a10      0x27f obj/Descriptors.o
 .debug_line    0x00000c8f     0x3554 obj/EndpointStream_AVR8.o
 .debug_line    0x000041e3      0x9c3 obj/Endpoint_AVR8.o
 .debug_line    0x00004ba6      0x595 obj/USBController_AVR8.o
 .debug_line    0x0000513b      0x8e9 obj/USBInterrupt_AVR8.o
 .debug_line    0x00005a24      0xddb obj/DeviceStandardReq.o
 .debug_line    0x000067ff       0xd5 obj/Events.o
 .debug_line    0x000068d4      0x249 obj/USBTask.o
 .debug_line    0x00006b1d      0xab8 obj/HIDClassDevice.o

.debug_frame    0x00000000      0x7b0
 *(.debug_frame)
 .debug_frame   0x00000000       0xd0 obj/Keyboard.o
 .debug_frame   0x000000d0       0x24 obj/Descriptors.o
 .debug_frame   0x000000f4      0x404 obj/EndpointStream_AVR8.o
 .debug_frame   0x000004f8       0x7c obj/Endpoint_AVR8.o
 .debug_frame   0x00000574       0x44 obj/USBController_AVR8.o
 .debug_frame   0x000005b8       0x8c obj/USBInterrupt_AVR8.o
 .debug_frame   0x00000644       0x3c obj/DeviceStandardReq.o
 .debug_frame   0x00000680       0x44 obj/Events.o
 .debug_frame   0x000006c4       0x2c obj/USBTask.o
 .debug_frame   0x000006f0       0xc0 obj/HIDClassDevice.o

.debug_str      0x00000000     0x2286
 *(.debug_str)
 .debug_str     0x00000000      0x262 /usr/lib/gcc/avr/15.1.0/../../../../avr/lib/avr35/crtatmega16u2.o
 .debug_str     0x00000262     0x2024 obj/Keyboard.o
                                0x737 (size before relaxing)
 .debug_str     0x00002286      0x944 obj/Descriptors.o
 .debug_str     0x00002286      0x8b7 obj/EndpointStream_AVR8.o
 .debug_str     0x00002286      0x66b obj/Endpoint_AVR8.o
 .debug_str     0x00002286      0x581 obj/USBController_AVR8.o
 .debug_str     0x00002286      0x52c obj/USBInterrupt_AVR8.o
 .debug_str     0x00002286      0x9fa obj/DeviceStandardReq.o
 .debug_str     0x00002286      0x222 obj/Events.o
 .debug_str     0x00002286      0x3d0 obj/USBTask.o
 .debug_str     0x00002286      0x772 obj/HIDClassDevice.o

.debug_loc      0x00000000     0x40df
 *(.debug_loc)
 .debug_loc     0x00000000      0x49a obj/Keyboard.o
 .debug_loc     0x0000049a      0x2d8 obj/Descriptors.o
 .debug_loc     0x00000772     0x2a37 obj/EndpointStream_AVR8.o
 .debug_loc     0x000031a9      0x3e8 obj/Endpoint_AVR8.o
 .debug_loc     0x00003591       0x9a obj/USBController_AVR8.o
 .debug_loc     0x0000362b      0x2af obj/USBInterrupt_AVR8.o
 .debug_loc     0x000038da      0x3a6 obj/DeviceStandardReq.o
 .debug_loc     0x00003c80       0x62 obj/USBTask.o
 .debug_loc     0x00003ce2      0x3fd obj/HIDClassDevice.o

.debug_macinfo
 *(.debug_macinfo)

.debug_weaknames
 *(.debug_weaknames)

.debug_funcnames
 *(.debug_funcnames)

.debug_typenames
 *(.debug_typenames)

.debug_varnames
 *(.debug_varnames)

.debug_pubtypes
 *(.debug_pubtypes)

.debug_ranges   0x00000000      0x528
 *(.debug_ranges)
 .debug_ranges  0x00000000       0x90 obj/Keyboard.o
 .debug_ranges  0x00000090       0x28 obj/Descriptors.o
 .debug_ranges  0x000000b8      0x1e8 obj/EndpointStream_AVR8.o
 .debug_ranges  0x000002a0       0xd0 obj/Endpoint_AVR8.o
 .debug_ranges  0x00000370       0x20 obj/USBController_AVR8.o
 .debug_ranges  0x00000390       0x20 obj/USBInterrupt_AVR8.o
 .debug_ranges  0x000003b0      0x128 obj/DeviceStandardReq.o
 .debug_ranges  0x000004d8       0x20 obj/Events.o
 .debug_ranges  0x000004f8       0x10 obj/USBTask.o
 .debug_ranges  0x00000508       0x20 obj/HIDClassDevice.o

.debug_addr
 *(.debug_addr)

.debug_line_str
 *(.debug_line_str)

.debug_loclists
 *(.debug_loclists)

.debug_macro
 *(.debug_macro)

.debug_names
 *(.debug_names)

.debug_rnglists
 *(.debug_rnglists)

.debug_str_offsets
 *(.debug_str_offsets)

.debug_sup
 *(.debug_sup)
OUTPUT(Keyboard.elf elf32-avr)
LOAD linker stubs

Cross Reference Table

Symbol                                            File
Audio_Device_ConfigureEndpoints                   obj/AudioClassDevice.o
Audio_Device_Event_Stub                           obj/AudioClassDevice.o
Audio_Device_ProcessControlRequest                obj/AudioClassDevice.o
CALLBACK_Audio_Device_GetSetEndpointProperty      obj/AudioClassDevice.o
CALLBACK_Audio_Device_GetSetInterfaceProperty     obj/AudioClassDevice.o
CALLBACK_CCID_Abort                               obj/CCIDClassDevice.o
CALLBACK_CCID_GetParameters_T0                    obj/CCIDClassDevice.o
CALLBACK_CCID_GetSlotStatus                       obj/CCIDClassDevice.o
CALLBACK_CCID_IccPowerOff                         obj/CCIDClassDevice.o
CALLBACK_CCID_IccPowerOn                          obj/CCIDClassDevice.o
CALLBACK_CCID_SetParameters_T0                    obj/CCIDClassDevice.o
CALLBACK_CCID_XfrBlock                            obj/CCIDClassDevice.o
CALLBACK_HIDParser_FilterHIDReportItem            obj/HIDParser.o
CALLBACK_HID_Device_CreateHIDReport               obj/Keyboard.o
                                                  obj/HIDClassDevice.o
CALLBACK_HID_Device_ProcessHIDReport              obj/Keyboard.o
                                                  obj/HIDClassDevice.o
CALLBACK_MS_Device_SCSICommandReceived            obj/MassStorageClassDevice.o
CALLBACK_USB_GetDescriptor                        obj/Descriptors.o
                                                  obj/DeviceStandardReq.o
CCID_CheckStatusNoError                           obj/CCIDClassDevice.o
CCID_Device_ConfigureEndpoints                    obj/CCIDClassDevice.o
CCID_Device_ProcessControlRequest                 obj/CCIDClassDevice.o
CCID_Device_USBTask                               obj/CCIDClassDevice.o
CDC_Device_BytesReceived                          obj/CDCClassDevice.o
CDC_Device_ConfigureEndpoints                     obj/CDCClassDevice.o
CDC_Device_CreateBlockingStream                   obj/CDCClassDevice.o
CDC_Device_CreateStream                           obj/CDCClassDevice.o
CDC_Device_Event_Stub                             obj/CDCClassDevice.o
CDC_Device_Event_Stub_2                           obj/CDCClassDevice.o
CDC_Device_Flush                                  obj/CDCClassDevice.o
CDC_Device_ProcessControlRequest                  obj/CDCClassDevice.o
CDC_Device_ReceiveByte                            obj/CDCClassDevice.o
CDC_Device_SendByte                               obj/CDCClassDevice.o
CDC_Device_SendControlLineStateChange             obj/CDCClassDevice.o
CDC_Device_SendData                               obj/CDCClassDevice.o
CDC_Device_SendData_P                             obj/CDCClassDevice.o
CDC_Device_SendString                             obj/CDCClassDevice.o
CDC_Device_SendString_P                           obj/CDCClassDevice.o
CDC_Device_USBTask                                obj/CDCClassDevice.o
ConfigurationDescriptor                           obj/Descriptors.o
DeviceDescriptor                                  obj/Descriptors.o
EVENT_Audio_Device_StreamStartStop                obj/AudioClassDevice.o
EVENT_CDC_Device_BreakSent                        obj/CDCClassDevice.o
EVENT_CDC_Device_ControLineStateChanged           obj/CDCClassDevice.o
EVENT_CDC_Device_LineEncodingChanged              obj/CDCClassDevice.o
EVENT_PRNT_Device_SoftReset                       obj/PrinterClassDevice.o
EVENT_USB_Device_ConfigurationChanged             obj/Keyboard.o
                                                  obj/DeviceStandardReq.o
EVENT_USB_Device_Connect                          obj/Keyboard.o
                                                  obj/USBInterrupt_AVR8.o
EVENT_USB_Device_ControlRequest                   obj/Keyboard.o
                                                  obj/DeviceStandardReq.o
EVENT_USB_Device_Disconnect                       obj/Keyboard.o
                                                  obj/USBInterrupt_AVR8.o
EVENT_USB_Device_Reset                            obj/Events.o
                                                  obj/USBInterrupt_AVR8.o
EVENT_USB_Device_StartOfFrame                     obj/Keyboard.o
                                                  obj/USBInterrupt_AVR8.o
EVENT_USB_Device_Suspend                          obj/Events.o
EVENT_USB_Device_WakeUp                           obj/Events.o
Endpoint_ClearEndpoints                           obj/Endpoint_AVR8.o
Endpoint_ClearStatusStage                         obj/Endpoint_AVR8.o
                                                  obj/PrinterClassDevice.o
                                                  obj/MassStorageClassDevice.o
                                                  obj/HIDClassDevice.o
                                                  obj/CDCClassDevice.o
                                                  obj/AudioClassDevice.o
                                                  obj/DeviceStandardReq.o
Endpoint_ConfigureEndpointTable                   obj/Endpoint_AVR8.o
                                                  obj/RNDISClassDevice.o
                                                  obj/PrinterClassDevice.o
                                                  obj/MIDIClassDevice.o
                                                  obj/MassStorageClassDevice.o
                                                  obj/HIDClassDevice.o
                                                  obj/CDCClassDevice.o
                                                  obj/CCIDClassDevice.o
                                                  obj/AudioClassDevice.o
Endpoint_ConfigureEndpoint_Prv                    obj/Endpoint_AVR8.o
                                                  obj/USBInterrupt_AVR8.o
                                                  obj/USBController_AVR8.o
Endpoint_Discard_Stream                           obj/EndpointStream_AVR8.o
                                                  obj/RNDISClassDevice.o
Endpoint_Null_Stream                              obj/EndpointStream_AVR8.o
Endpoint_Read_Control_EStream_BE                  obj/EndpointStream_AVR8.o
Endpoint_Read_Control_EStream_LE                  obj/EndpointStream_AVR8.o
Endpoint_Read_Control_Stream_BE                   obj/EndpointStream_AVR8.o
Endpoint_Read_Control_Stream_LE                   obj/EndpointStream_AVR8.o
                                                  obj/RNDISClassDevice.o
                                                  obj/HIDClassDevice.o
                                                  obj/AudioClassDevice.o
Endpoint_Read_EStream_BE                          obj/EndpointStream_AVR8.o
Endpoint_Read_EStream_LE                          obj/EndpointStream_AVR8.o
Endpoint_Read_Stream_BE                           obj/EndpointStream_AVR8.o
Endpoint_Read_Stream_LE                           obj/EndpointStream_AVR8.o
                                                  obj/RNDISClassDevice.o
                                                  obj/MIDIClassDevice.o
                                                  obj/MassStorageClassDevice.o
                                                  obj/CCIDClassDevice.o
Endpoint_WaitUntilReady                           obj/Endpoint_AVR8.o
                                                  obj/RNDISClassDevice.o
                                                  obj/PrinterClassDevice.o
                                                  obj/MIDIClassDevice.o
                                                  obj/CDCClassDevice.o
                                                  obj/EndpointStream_AVR8.o
Endpoint_Write_Control_EStream_BE                 obj/EndpointStream_AVR8.o
Endpoint_Write_Control_EStream_LE                 obj/EndpointStream_AVR8.o
Endpoint_Write_Control_PStream_BE                 obj/EndpointStream_AVR8.o
Endpoint_Write_Control_PStream_LE                 obj/EndpointStream_AVR8.o
                                                  obj/DeviceStandardReq.o
Endpoint_Write_Control_Stream_BE                  obj/EndpointStream_AVR8.o
Endpoint_Write_Control_Stream_LE                  obj/EndpointStream_AVR8.o
                                                  obj/RNDISClassDevice.o
                                                  obj/PrinterClassDevice.o
                                                  obj/HIDClassDevice.o
                                                  obj/AudioClassDevice.o
                                                  obj/DeviceStandardReq.o
Endpoint_Write_EStream_BE                         obj/EndpointStream_AVR8.o
Endpoint_Write_EStream_LE                         obj/EndpointStream_AVR8.o
Endpoint_Write_PStream_BE                         obj/EndpointStream_AVR8.o
Endpoint_Write_PStream_LE                         obj/EndpointStream_AVR8.o
                                                  obj/CDCClassDevice.o
Endpoint_Write_Stream_BE                          obj/EndpointStream_AVR8.o
Endpoint_Write_Stream_LE                          obj/EndpointStream_AVR8.o
                                                  obj/RNDISClassDevice.o
                                                  obj/PrinterClassDevice.o
                                                  obj/MIDIClassDevice.o
                                                  obj/MassStorageClassDevice.o
                                                  obj/HIDClassDevice.o
                                                  obj/CDCClassDevice.o
                                                  obj/CCIDClassDevice.o
GetCapacitance                                    obj/Keyboard.o
HID_Device_ConfigureEndpoints                     obj/HIDClassDevice.o
                                                  obj/Keyboard.o
HID_Device_ProcessControlRequest                  obj/HIDClassDevice.o
                                                  obj/Keyboard.o
HID_Device_USBTask                                obj/HIDClassDevice.o
                                                  obj/Keyboard.o
KeyboardReport                                    obj/Descriptors.o
Keyboard_HID_Interface                            obj/Keyboard.o
LanguageString                                    obj/Descriptors.o
MIDI_Device_ConfigureEndpoints                    obj/MIDIClassDevice.o
MIDI_Device_Flush                                 obj/MIDIClassDevice.o
MIDI_Device_ReceiveEventPacket                    obj/MIDIClassDevice.o
MIDI_Device_SendEventPacket                       obj/MIDIClassDevice.o
MIDI_Device_USBTask                               obj/MIDIClassDevice.o
MS_Device_ConfigureEndpoints                      obj/MassStorageClassDevice.o
MS_Device_ProcessControlRequest                   obj/MassStorageClassDevice.o
MS_Device_USBTask                                 obj/MassStorageClassDevice.o
ManufacturerString                                obj/Descriptors.o
PRNT_Device_BytesReceived                         obj/PrinterClassDevice.o
PRNT_Device_ConfigureEndpoints                    obj/PrinterClassDevice.o
PRNT_Device_CreateBlockingStream                  obj/PrinterClassDevice.o
PRNT_Device_CreateStream                          obj/PrinterClassDevice.o
PRNT_Device_Event_Stub                            obj/PrinterClassDevice.o
PRNT_Device_Flush                                 obj/PrinterClassDevice.o
PRNT_Device_ProcessControlRequest                 obj/PrinterClassDevice.o
PRNT_Device_ReceiveByte                           obj/PrinterClassDevice.o
PRNT_Device_SendByte                              obj/PrinterClassDevice.o
PRNT_Device_SendData                              obj/PrinterClassDevice.o
PRNT_Device_SendString                            obj/PrinterClassDevice.o
PRNT_Device_USBTask                               obj/PrinterClassDevice.o
ProductString                                     obj/Descriptors.o
RNDIS_Device_ConfigureEndpoints                   obj/RNDISClassDevice.o
RNDIS_Device_IsPacketReceived                     obj/RNDISClassDevice.o
RNDIS_Device_ProcessControlRequest                obj/RNDISClassDevice.o
RNDIS_Device_ReadPacket                           obj/RNDISClassDevice.o
RNDIS_Device_SendPacket                           obj/RNDISClassDevice.o
RNDIS_Device_USBTask                              obj/RNDISClassDevice.o
SetupHardware                                     obj/Keyboard.o
USB_ControlRequest                                obj/USBTask.o
                                                  obj/RNDISClassDevice.o
                                                  obj/PrinterClassDevice.o
                                                  obj/MassStorageClassDevice.o
                                                  obj/HIDClassDevice.o
                                                  obj/CDCClassDevice.o
                                                  obj/CCIDClassDevice.o
                                                  obj/AudioClassDevice.o
                                                  obj/DeviceStandardReq.o
                                                  obj/Endpoint_AVR8.o
                                                  obj/EndpointStream_AVR8.o
USB_DeviceState                                   obj/USBTask.o
                                                  obj/RNDISClassDevice.o
                                                  obj/PrinterClassDevice.o
                                                  obj/MIDIClassDevice.o
                                                  obj/MassStorageClassDevice.o
                                                  obj/HIDClassDevice.o
                                                  obj/CDCClassDevice.o
                                                  obj/DeviceStandardReq.o
                                                  obj/USBInterrupt_AVR8.o
                                                  obj/USBController_AVR8.o
                                                  obj/Endpoint_AVR8.o
                                                  obj/EndpointStream_AVR8.o
USB_Device_ConfigurationNumber                    obj/DeviceStandardReq.o
                                                  obj/USBInterrupt_AVR8.o
                                                  obj/USBController_AVR8.o
USB_Device_CurrentlySelfPowered                   obj/DeviceStandardReq.o
                                                  obj/USBController_AVR8.o
USB_Device_ProcessControlRequest                  obj/DeviceStandardReq.o
                                                  obj/USBTask.o
USB_Device_RemoteWakeupEnabled                    obj/DeviceStandardReq.o
                                                  obj/USBController_AVR8.o
USB_Device_SendRemoteWakeup                       obj/Device_AVR8.o
USB_Disable                                       obj/USBController_AVR8.o
USB_Event_Stub                                    obj/Events.o
USB_Event_Stub_2                                  obj/Events.o
USB_Event_Stub_3                                  obj/Events.o
USB_GetHIDReportItemInfo                          obj/HIDParser.o
USB_GetHIDReportSize                              obj/HIDParser.o
USB_GetNextDescriptorComp                         obj/ConfigDescriptors.o
USB_GetNextDescriptorOfType                       obj/ConfigDescriptors.o
USB_GetNextDescriptorOfTypeAfter                  obj/ConfigDescriptors.o
USB_GetNextDescriptorOfTypeBefore                 obj/ConfigDescriptors.o
USB_INT_ClearAllInterrupts                        obj/USBInterrupt_AVR8.o
                                                  obj/USBController_AVR8.o
USB_INT_DisableAllInterrupts                      obj/USBInterrupt_AVR8.o
                                                  obj/USBController_AVR8.o
USB_Init                                          obj/USBController_AVR8.o
                                                  obj/Keyboard.o
USB_IsInitialized                                 obj/USBTask.o
                                                  obj/USBController_AVR8.o
USB_ProcessHIDReport                              obj/HIDParser.o
USB_ResetInterface                                obj/USBController_AVR8.o
USB_SetHIDReportItemInfo                          obj/HIDParser.o
USB_USBTask                                       obj/USBTask.o
                                                  obj/PrinterClassDevice.o
                                                  obj/MassStorageClassDevice.o
                                                  obj/CDCClassDevice.o
                                                  obj/EndpointStream_AVR8.o
                                                  obj/Keyboard.o
__DATA_REGION_LENGTH__                            /usr/lib/gcc/avr/15.1.0/../../../../avr/lib/avr35/crtatmega16u2.o
__DATA_REGION_ORIGIN__                            /usr/lib/gcc/avr/15.1.0/../../../../avr/lib/avr35/crtatmega16u2.o
__EEPROM_REGION_LENGTH__                          /usr/lib/gcc/avr/15.1.0/../../../../avr/lib/avr35/crtatmega16u2.o
__FUSE_REGION_LENGTH__                            /usr/lib/gcc/avr/15.1.0/../../../../avr/lib/avr35/crtatmega16u2.o
__TEXT_REGION_LENGTH__                            /usr/lib/gcc/avr/15.1.0/../../../../avr/lib/avr35/crtatmega16u2.o
__TEXT_REGION_ORIGIN__                            /usr/lib/gcc/avr/15.1.0/../../../../avr/lib/avr35/crtatmega16u2.o
__bad_interrupt                                   /usr/lib/gcc/avr/15.1.0/../../../../avr/lib/avr35/crtatmega16u2.o
__bss_end                                         /usr/lib/gcc/avr/15.1.0/avr35/libgcc.a(_clear_bss.o)
__bss_start                                       /usr/lib/gcc/avr/15.1.0/avr35/libgcc.a(_clear_bss.o)
__call_main                                       /usr/lib/gcc/avr/15.1.0/../../../../avr/lib/avr35/libatmega16u2.a(call_main.o)
                                                  /usr/lib/gcc/avr/15.1.0/../../../../avr/lib/avr35/crtatmega16u2.o
__data_end                                        /usr/lib/gcc/avr/15.1.0/avr35/libgcc.a(_copy_data.o)
__data_load_start                                 /usr/lib/gcc/avr/15.1.0/avr35/libgcc.a(_copy_data.o)
__data_start                                      /usr/lib/gcc/avr/15.1.0/avr35/libgcc.a(_copy_data.o)
__do_clear_bss                                    /usr/lib/gcc/avr/15.1.0/avr35/libgcc.a(_clear_bss.o)
                                                  obj/USBTask.o
                                                  obj/DeviceStandardReq.o
                                                  obj/Keyboard.o
__do_copy_data                                    /usr/lib/gcc/avr/15.1.0/avr35/libgcc.a(_copy_data.o)
                                                  obj/RNDISClassDevice.o
                                                  obj/PrinterClassDevice.o
                                                  obj/CDCClassDevice.o
                                                  obj/Keyboard.o
__heap_end                                        /usr/lib/gcc/avr/15.1.0/../../../../avr/lib/avr35/crtatmega16u2.o
__init                                            /usr/lib/gcc/avr/15.1.0/../../../../avr/lib/avr35/crtatmega16u2.o
__init_sp                                         /usr/lib/gcc/avr/15.1.0/../../../../avr/lib/avr35/libatmega16u2.a(init_sp.o)
                                                  /usr/lib/gcc/avr/15.1.0/../../../../avr/lib/avr35/crtatmega16u2.o
__memcpy_P                                        /usr/lib/gcc/avr/15.1.0/../../../../avr/lib/avr35/libc.a(_memcpy_P.o)
                                                  obj/RNDISClassDevice.o
__mulhi3                                          /usr/lib/gcc/avr/15.1.0/avr35/libgcc.a(_mulhi3.o)
                                                  obj/HIDParser.o
__stack                                           /usr/lib/gcc/avr/15.1.0/../../../../avr/lib/avr35/crtatmega16u2.o
                                                  /usr/lib/gcc/avr/15.1.0/../../../../avr/lib/avr35/libatmega16u2.a(init_sp.o)
__strlen_P                                        /usr/lib/gcc/avr/15.1.0/../../../../avr/lib/avr35/libc.a(strlen_P.o)
__udivmodhi4                                      /usr/lib/gcc/avr/15.1.0/avr35/libgcc.a(_udivmodhi4.o)
                                                  obj/Keyboard.o
__vector_1                                        /usr/lib/gcc/avr/15.1.0/../../../../avr/lib/avr35/crtatmega16u2.o
__vector_10                                       /usr/lib/gcc/avr/15.1.0/../../../../avr/lib/avr35/crtatmega16u2.o
__vector_11                                       obj/USBInterrupt_AVR8.o
                                                  /usr/lib/gcc/avr/15.1.0/../../../../avr/lib/avr35/crtatmega16u2.o
__vector_12                                       /usr/lib/gcc/avr/15.1.0/../../../../avr/lib/avr35/crtatmega16u2.o
__vector_13                                       /usr/lib/gcc/avr/15.1.0/../../../../avr/lib/avr35/crtatmega16u2.o
__vector_14                                       /usr/lib/gcc/avr/15.1.0/../../../../avr/lib/avr35/crtatmega16u2.o
__vector_15                                       /usr/lib/gcc/avr/15.1.0/../../../../avr/lib/avr35/crtatmega16u2.o
__vector_16                                       /usr/lib/gcc/avr/15.1.0/../../../../avr/lib/avr35/crtatmega16u2.o
__vector_17                                       /usr/lib/gcc/avr/15.1.0/../../../../avr/lib/avr35/crtatmega16u2.o
__vector_18                                       /usr/lib/gcc/avr/15.1.0/../../../../avr/lib/avr35/crtatmega16u2.o
__vector_19                                       /usr/lib/gcc/avr/15.1.0/../../../../avr/lib/avr35/crtatmega16u2.o
__vector_2                                        /usr/lib/gcc/avr/15.1.0/../../../../avr/lib/avr35/crtatmega16u2.o
__vector_20                                       /usr/lib/gcc/avr/15.1.0/../../../../avr/lib/avr35/crtatmega16u2.o
__vector_21                                       /usr/lib/gcc/avr/15.1.0/../../../../avr/lib/avr35/crtatmega16u2.o
__vector_22                                       /usr/lib/gcc/avr/15.1.0/../../../../avr/lib/avr35/crtatmega16u2.o
__vector_23                                       /usr/lib/gcc/avr/15.1.0/../../../../avr/lib/avr35/crtatmega16u2.o
__vector_24                                       /usr/lib/gcc/avr/15.1.0/../../../../avr/lib/avr35/crtatmega16u2.o
__vector_25                                       /usr/lib/gcc/avr/15.1.0/../../../../avr/lib/avr35/crtatmega16u2.o
__vector_26                                       /usr/lib/gcc/avr/15.1.0/../../../../avr/lib/avr35/crtatmega16u2.o
__vector_27                                       /usr/lib/gcc/avr/15.1.0/../../../../avr/lib/avr35/crtatmega16u2.o
__vector_28                                       /usr/lib/gcc/avr/15.1.0/../../../../avr/lib/avr35/crtatmega16u2.o
__vector_3                                        /usr/lib/gcc/avr/15.1.0/../../../../avr/lib/avr35/crtatmega16u2.o
__vector_4                                        /usr/lib/gcc/avr/15.1.0/../../../../avr/lib/avr35/crtatmega16u2.o
__vector_5                                        /usr/lib/gcc/avr/15.1.0/../../../../avr/lib/avr35/crtatmega16u2.o
__vector_6                                        /usr/lib/gcc/avr/15.1.0/../../../../avr/lib/avr35/crtatmega16u2.o
__vector_7                                        /usr/lib/gcc/avr/15.1.0/../../../../avr/lib/avr35/crtatmega16u2.o
__vector_8                                        /usr/lib/gcc/avr/15.1.0/../../../../avr/lib/avr35/crtatmega16u2.o
__vector_9                                        /usr/lib/gcc/avr/15.1.0/../../../../avr/lib/avr35/crtatmega16u2.o
__vector_default                                  /usr/lib/gcc/avr/15.1.0/../../../../avr/lib/avr35/crtatmega16u2.o
__vectors                                         /usr/lib/gcc/avr/15.1.0/../../../../avr/lib/avr35/crtatmega16u2.o
_exit                                             /usr/lib/gcc/avr/15.1.0/avr35/libgcc.a(_exit.o)
eeprom_read_byte                                  /usr/lib/gcc/avr/15.1.0/../../../../avr/lib/avr35/libatmega16u2.a(eerd_byte.o)
                                                  obj/EndpointStream_AVR8.o
eeprom_update_byte                                /usr/lib/gcc/avr/15.1.0/../../../../avr/lib/avr35/libatmega16u2.a(eeupd_byte.o)
                                                  obj/EndpointStream_AVR8.o
eeprom_update_r18                                 /usr/lib/gcc/avr/15.1.0/../../../../avr/lib/avr35/libatmega16u2.a(eeupd_byte.o)
exit                                              /usr/lib/gcc/avr/15.1.0/avr35/libgcc.a(_exit.o)
                                                  /usr/lib/gcc/avr/15.1.0/../../../../avr/lib/avr35/libatmega16u2.a(call_main.o)
main                                              obj/Keyboard.o
                                                  /usr/lib/gcc/avr/15.1.0/../../../../avr/lib/avr35/libatmega16u2.a(call_main.o)
                                                  /usr/lib/gcc/avr/15.1.0/../../../../avr/lib/avr35/crtatmega16u2.o
memcmp                                            /usr/lib/gcc/avr/15.1.0/../../../../avr/lib/avr35/libc.a(memcmp.o)
                                                  obj/HIDClassDevice.o
memcpy                                            /usr/lib/gcc/avr/15.1.0/../../../../avr/lib/avr35/libc.a(memcpy.o)
                                                  obj/RNDISClassDevice.o
                                                  obj/HIDClassDevice.o
memset                                            /usr/lib/gcc/avr/15.1.0/../../../../avr/lib/avr35/libc.a(memset.o)
                                                  obj/HIDClassDevice.o
strlen                                            /usr/lib/gcc/avr/15.1.0/../../../../avr/lib/avr35/libc.a(strlen.o)
                                                  obj/RNDISClassDevice.o
                                                  obj/PrinterClassDevice.o
                                                  obj/CDCClassDevice.o
strlen_P                                          /usr/lib/gcc/avr/15.1.0/../../../../avr/lib/avr35/libc.a(strlen_P.o)
                                                  obj/CDCClassDevice.o
